Starting project at C:\Users\super\OneDrive\Desktop\scr\myFirstApp
React Compiler enabled
Starting Metro Bundler
Waiting on http://localhost:8081
Logs for your project will appear below.
Android node_modules\expo-router\entry.js ░░░░░░░░░░░░░░░░  0.0% (0/1)
Android node_modules\expo-router\entry.js ▓▓░░░░░░░░░░░░░░ 16.0% ( 31/173)
Android node_modules\expo-router\entry.js ▓▓▓░░░░░░░░░░░░░ 19.1% (149/341)
Android node_modules\expo-router\entry.js ▓▓▓▓▓▓▓░░░░░░░░░ 47.5% (404/586)
Android node_modules\expo-router\entry.js ▓▓▓▓▓▓▓▓▓▓░░░░░░ 67.4% (616/757)
Android node_modules\expo-router\entry.js ▓▓▓▓▓▓▓▓▓▓▓░░░░░ 72.5% (723/849)
Android node_modules\expo-router\entry.js ▓▓▓▓▓▓▓▓▓▓▓░░░░░ 73.9% ( 928/1132)
Android node_modules\expo-router\entry.js ▓▓▓▓▓▓▓▓▓▓▓▓░░░░ 78.5% (1125/1270)
Android node_modules\expo-router\entry.js ▓▓▓▓▓▓▓▓▓▓▓▓▓▓░░ 89.1% (1305/1386)
Android node_modules\expo-router\entry.js ▓▓▓▓▓▓▓▓▓▓▓▓▓▓░░ 92.4% (1480/1540)
Android Bundled 35144ms node_modules\expo-router\entry.js (1697 modules)
 WARN  `expo-notifications` functionality is not fully supported in Expo Go:
We recommend you instead use a development build to avoid limitations. Learn more: https://expo.fyi/dev-client.
 WARN  [expo-av]: Expo AV has been deprecated and will be removed in SDK 54. Use the `expo-audio` and `expo-video` packages to replace the required functionality.
 ERROR  expo-notifications: Android Push notifications (remote notifications) functionality provided by expo-notifications was removed from Expo Go with the release of SDK 53. Use a development build instead of Expo Go. Read more at https://docs.expo.dev/develop/development-builds/introduction/. 

Call Stack
  construct (<native>)
  apply (<native>)
  _construct (node_modules\@babel\runtime\helpers\construct.js)
  Wrapper (node_modules\@babel\runtime\helpers\wrapNativeSuper.js)
  construct (<native>)
  _callSuper (node_modules\@babel\runtime\helpers\callSuper.js)
  NamelessError (node_modules\@expo\metro-runtime\src\metroServerLogs.native.ts)
  captureCurrentStack (node_modules\@expo\metro-runtime\src\metroServerLogs.native.ts)
  HMRClient.log (node_modules\@expo\metro-runtime\src\metroServerLogs.native.ts)
  console.level (node_modules\react-native\Libraries\Core\setUpDeveloperTools.js)
  warnOfExpoGoPushUsage (node_modules\expo-notifications\build\warnOfExpoGoPushUsage.js)
  addPushTokenListener (node_modules\expo-notifications\build\TokenEmitter.js)
  <global> (node_modules\expo-notifications\build\DevicePushTokenAutoRegistration.fx.js)
  loadModuleImplementation (node_modules\expo\node_modules\@expo\cli\build\metro-require\require.js)
  guardedLoadModule (node_modules\expo\node_modules\@expo\cli\build\metro-require\require.js)
  metroRequire (node_modules\expo\node_modules\@expo\cli\build\metro-require\require.js)
  <global> (node_modules\expo-notifications\build\getExpoPushTokenAsync.js)
  loadModuleImplementation (node_modules\expo\node_modules\@expo\cli\build\metro-require\require.js)
  guardedLoadModule (node_modules\expo\node_modules\@expo\cli\build\metro-require\require.js)
  metroRequire (node_modules\expo\node_modules\@expo\cli\build\metro-require\require.js)
  <global> (node_modules\expo-notifications\build\index.js)
  loadModuleImplementation (node_modules\expo\node_modules\@expo\cli\build\metro-require\require.js)
  guardedLoadModule (node_modules\expo\node_modules\@expo\cli\build\metro-require\require.js)
  metroRequire (node_modules\expo\node_modules\@expo\cli\build\metro-require\require.js)
  <global> (services\notificationService.js)
  loadModuleImplementation (node_modules\expo\node_modules\@expo\cli\build\metro-require\require.js)
  guardedLoadModule (node_modules\expo\node_modules\@expo\cli\build\metro-require\require.js)
  metroRequire (node_modules\expo\node_modules\@expo\cli\build\metro-require\require.js)
  <global> (app\(tabs)\home.js)
  loadModuleImplementation (node_modules\expo\node_modules\@expo\cli\build\metro-require\require.js)
  guardedLoadModule (node_modules\expo\node_modules\@expo\cli\build\metro-require\require.js)
  metroRequire (node_modules\expo\node_modules\@expo\cli\build\metro-require\require.js)
  Object.defineProperties$argument_1.tabsHomeJs.get (app)
  metroContext (app)
  node.loadRoute (node_modules\expo-router\build\getRoutesCore.js)
  getDirectoryTree (node_modules\expo-router\build\getRoutesCore.js)
  getDirectoryTree (node_modules\expo-router\build\getRoutesCore.js)
  getRoutes (node_modules\expo-router\build\getRoutesCore.js)
  getRoutes (node_modules\expo-router\build\getRoutes.js)
  useStore (node_modules\expo-router\build\global-state\router-store.js)
  ContextNavigator (node_modules\expo-router\build\ExpoRoot.js)
  callComponent.reactStackBottomFrame (node_modules\react-native\Libraries\Renderer\implementations\ReactFabric-dev.js)
  renderWithHooks (node_modules\react-native\Libraries\Renderer\implementations\ReactFabric-dev.js)
  updateFunctionComponent (node_modules\react-native\Libraries\Renderer\implementations\ReactFabric-dev.js)
  beginWork (node_modules\react-native\Libraries\Renderer\implementations\ReactFabric-dev.js)
  runWithFiberInDEV (node_modules\react-native\Libraries\Renderer\implementations\ReactFabric-dev.js)
  performUnitOfWork (node_modules\react-native\Libraries\Renderer\implementations\ReactFabric-dev.js)
  workLoopSync (node_modules\react-native\Libraries\Renderer\implementations\ReactFabric-dev.js)
  renderRootSync (node_modules\react-native\Libraries\Renderer\implementations\ReactFabric-dev.js)
  performWorkOnRoot (node_modules\react-native\Libraries\Renderer\implementations\ReactFabric-dev.js)
  performWorkOnRootViaSchedulerTask (node_modules\react-native\Libraries\Renderer\implementations\ReactFabric-dev.js) 

Call Stack
  ExpoRoot (node_modules\expo-router\build\ExpoRoot.js)
  App (node_modules\expo-router\build\qualified-entry.js)
  WithDevTools (node_modules\expo\src\launch\withDevTools.tsx)
 LOG  ✅ Expo push token: ExponentPushToken[JAFjOcCD0XWJskdNelkU7x]
 LOG  ✅ Expo push token: ExponentPushToken[JAFjOcCD0XWJskdNelkU7x]
 LOG  Current location error: Current location is unavailable. Make sure that location services are enabled
 LOG  Current location error: Current location is unavailable. Make sure that location services are enabled
 LOG  Current location error: Current location is unavailable. Make sure that location services are enabled
 LOG  Current location error: Current location is unavailable. Make sure that location services are enabled
 LOG  Current location error: Current location is unavailable. Make sure that location services are enabled
 LOG  Current location error: Current location is unavailable. Make sure that location services are enabled
 LOG  Current location error: Current location is unavailable. Make sure that location services are enabled
 LOG  ✅ Expo push token: ExponentPushToken[JAFjOcCD0XWJskdNelkU7x]
 LOG  ✅ Expo push token: ExponentPushToken[JAFjOcCD0XWJskdNelkU7x]
 LOG  Current location error: Current location is unavailable. Make sure that location services are enabled
 LOG  Current location error: Current location is unavailable. Make sure that location services are enabled
 LOG  Current location error: Current location is unavailable. Make sure that location services are enabled
 WARN  reading dataString is deprecated, use data instead
 LOG  🔔 Notification received: {"date": 1779114759077, "request": {"content": {"autoDismiss": true, "badge": null, "body": "Seven matched with you", "data": [Object], "dataString": "{\"type\":\"chat\",\"chatId\":\"tjNL069Xr8eKGR7sTvZwAAJ7W4U2_wApN106kiwR0Ff593HyFEQvP6Lt1\",\"name\":\"Seven\",\"photoURL\":\"https://firebasestorage.googleapis.com/v0/b/dating-app-test-56352.firebasestorage.app/o/profilePhotos%2FwApN106kiwR0Ff593HyFEQvP6Lt1%2Fphoto_1778684414837.jpg?alt=media&token=39366857-04a0-4e12-8cb4-f3ba189d3ce2\"}", "priority": "default", "sound": "default", "sticky": false, "subtitle": null, "title": "❤️ You got a new match!"}, "identifier": "0:1779114759082031%0ac519e60ac519e6", "trigger": {"remoteMessage": [Object], "type": "push"}}}
 LOG  🔔 Notification received: {"date": 1779114769898, "request": {"content": {"autoDismiss": true, "badge": null, "body": "What's something you could talk about for hours?", "data": [Object], "dataString": "{\"type\":\"chat\",\"chatId\":\"tjNL069Xr8eKGR7sTvZwAAJ7W4U2_wApN106kiwR0Ff593HyFEQvP6Lt1\",\"name\":\"Seven\",\"photoURL\":\"https://firebasestorage.googleapis.com/v0/b/dating-app-test-56352.firebasestorage.app/o/profilePhotos%2FwApN106kiwR0Ff593HyFEQvP6Lt1%2Fphoto_1778684414837.jpg?alt=media&token=39366857-04a0-4e12-8cb4-f3ba189d3ce2\"}", "priority": "default", "sound": "default", "sticky": false, "subtitle": null, "title": "New message from Seven"}, "identifier": "0:1779114769901600%0ac519e60ac519e6", "trigger": {"remoteMessage": [Object], "type": "push"}}}
 LOG  👉 Notification tapped: {"actionIdentifier": "expo.modules.notifications.actions.DEFAULT", "notification": {"date": 1779114769898, "request": {"content": [Object], "identifier": "0:1779114769901600%0ac519e60ac519e6", "trigger": [Object]}}}
 WARN  SafeAreaView has been deprecated and will be removed in a future release. Please use 'react-native-safe-area-context' instead. See https://github.com/th3rdwave/react-native-safe-area-context
 LOG  📨 Sending push to: ExponentPushToken[9A1kCvGDw1SjvTp86yC5JT]
 LOG  📬 Expo push response: {
  "data": {
    "status": "ok",
    "id": "019e3b81-5f57-728d-931f-7aafa7e9077e"
  }
}
 LOG  🔔 Notification received: {"date": 1779114883013, "request": {"content": {"autoDismiss": true, "badge": null, "body": "hi", "data": [Object], "dataString": "{\"type\":\"chat\",\"chatId\":\"tjNL069Xr8eKGR7sTvZwAAJ7W4U2_wApN106kiwR0Ff593HyFEQvP6Lt1\",\"name\":\"Seven\",\"photoURL\":\"https://firebasestorage.googleapis.com/v0/b/dating-app-test-56352.firebasestorage.app/o/profilePhotos%2FwApN106kiwR0Ff593HyFEQvP6Lt1%2Fphoto_1778684414837.jpg?alt=media&token=39366857-04a0-4e12-8cb4-f3ba189d3ce2\"}", "priority": "default", "sound": "default", "sticky": false, "subtitle": null, "title": "New message from Seven"}, "identifier": "0:1779114883017387%0ac519e60ac519e6", "trigger": {"remoteMessage": [Object], "type": "push"}}}
 WARN  [2026-05-19T00:45:38.654Z]  @firebase/firestore: Firestore (12.12.0): WebChannelConnection RPC 'Listen' stream 0x736ea8b6 transport errored. Name: undefined Message: undefined
 WARN  [2026-05-19T00:45:38.894Z]  @firebase/firestore: Firestore (12.12.0): WebChannelConnection RPC 'Write' stream 0x736ea8b4 transport errored. Name: undefined Message: undefined
Android node_modules\expo-router\entry.js ░░░░░░░░░░░░░░░░  0.0% (0/1)
Android Bundled 491ms node_modules\expo-router\entry.js (1 module)
 WARN  `expo-notifications` functionality is not fully supported in Expo Go:
We recommend you instead use a development build to avoid limitations. Learn more: https://expo.fyi/dev-client.
 WARN  [expo-av]: Expo AV has been deprecated and will be removed in SDK 54. Use the `expo-audio` and `expo-video` packages to replace the required functionality.
 ERROR  expo-notifications: Android Push notifications (remote notifications) functionality provided by expo-notifications was removed from Expo Go with the release of SDK 53. Use a development build instead of Expo Go. Read more at https://docs.expo.dev/develop/development-builds/introduction/. 

Call Stack
  construct (<native>)
  apply (<native>)
  _construct (node_modules\@babel\runtime\helpers\construct.js)
  Wrapper (node_modules\@babel\runtime\helpers\wrapNativeSuper.js)
  construct (<native>)
  _callSuper (node_modules\@babel\runtime\helpers\callSuper.js)
  NamelessError (node_modules\@expo\metro-runtime\src\metroServerLogs.native.ts)
  captureCurrentStack (node_modules\@expo\metro-runtime\src\metroServerLogs.native.ts)
  HMRClient.log (node_modules\@expo\metro-runtime\src\metroServerLogs.native.ts)
  console.level (node_modules\react-native\Libraries\Core\setUpDeveloperTools.js)
  warnOfExpoGoPushUsage (node_modules\expo-notifications\build\warnOfExpoGoPushUsage.js)
  addPushTokenListener (node_modules\expo-notifications\build\TokenEmitter.js)
  <global> (node_modules\expo-notifications\build\DevicePushTokenAutoRegistration.fx.js)
  loadModuleImplementation (node_modules\expo\node_modules\@expo\cli\build\metro-require\require.js)
  guardedLoadModule (node_modules\expo\node_modules\@expo\cli\build\metro-require\require.js)
  metroRequire (node_modules\expo\node_modules\@expo\cli\build\metro-require\require.js)
  <global> (node_modules\expo-notifications\build\getExpoPushTokenAsync.js)
  loadModuleImplementation (node_modules\expo\node_modules\@expo\cli\build\metro-require\require.js)
  guardedLoadModule (node_modules\expo\node_modules\@expo\cli\build\metro-require\require.js)
  metroRequire (node_modules\expo\node_modules\@expo\cli\build\metro-require\require.js)
  <global> (node_modules\expo-notifications\build\index.js)
  loadModuleImplementation (node_modules\expo\node_modules\@expo\cli\build\metro-require\require.js)
  guardedLoadModule (node_modules\expo\node_modules\@expo\cli\build\metro-require\require.js)
  metroRequire (node_modules\expo\node_modules\@expo\cli\build\metro-require\require.js)
  <global> (services\notificationService.js)
  loadModuleImplementation (node_modules\expo\node_modules\@expo\cli\build\metro-require\require.js)
  guardedLoadModule (node_modules\expo\node_modules\@expo\cli\build\metro-require\require.js)
  metroRequire (node_modules\expo\node_modules\@expo\cli\build\metro-require\require.js)
  <global> (app\(tabs)\home.js)
  loadModuleImplementation (node_modules\expo\node_modules\@expo\cli\build\metro-require\require.js)
  guardedLoadModule (node_modules\expo\node_modules\@expo\cli\build\metro-require\require.js)
  metroRequire (node_modules\expo\node_modules\@expo\cli\build\metro-require\require.js)
  Object.defineProperties$argument_1.tabsHomeJs.get (app)
  metroContext (app)
  node.loadRoute (node_modules\expo-router\build\getRoutesCore.js)
  getDirectoryTree (node_modules\expo-router\build\getRoutesCore.js)
  getDirectoryTree (node_modules\expo-router\build\getRoutesCore.js)
  getRoutes (node_modules\expo-router\build\getRoutesCore.js)
  getRoutes (node_modules\expo-router\build\getRoutes.js)
  useStore (node_modules\expo-router\build\global-state\router-store.js)
  ContextNavigator (node_modules\expo-router\build\ExpoRoot.js)
  callComponent.reactStackBottomFrame (node_modules\react-native\Libraries\Renderer\implementations\ReactFabric-dev.js)
  renderWithHooks (node_modules\react-native\Libraries\Renderer\implementations\ReactFabric-dev.js)
  updateFunctionComponent (node_modules\react-native\Libraries\Renderer\implementations\ReactFabric-dev.js)
  beginWork (node_modules\react-native\Libraries\Renderer\implementations\ReactFabric-dev.js)
  runWithFiberInDEV (node_modules\react-native\Libraries\Renderer\implementations\ReactFabric-dev.js)
  performUnitOfWork (node_modules\react-native\Libraries\Renderer\implementations\ReactFabric-dev.js)
  workLoopSync (node_modules\react-native\Libraries\Renderer\implementations\ReactFabric-dev.js)
  renderRootSync (node_modules\react-native\Libraries\Renderer\implementations\ReactFabric-dev.js)
  performWorkOnRoot (node_modules\react-native\Libraries\Renderer\implementations\ReactFabric-dev.js)
  performWorkOnRootViaSchedulerTask (node_modules\react-native\Libraries\Renderer\implementations\ReactFabric-dev.js) 

Call Stack
  ExpoRoot (node_modules\expo-router\build\ExpoRoot.js)
  App (node_modules\expo-router\build\qualified-entry.js)
  WithDevTools (node_modules\expo\src\launch\withDevTools.tsx)
 LOG  ✅ Expo push token: ExponentPushToken[JAFjOcCD0XWJskdNelkU7x]
 LOG  ✅ Expo push token: ExponentPushToken[JAFjOcCD0XWJskdNelkU7x]
